MPLINK 5.09, LINKER
Linker Map File - Created Thu Mar 02 02:40:59 2023

                                 Section Info
                  Section       Type    Address   Location Size(Bytes)
                ---------  ---------  ---------  ---------  ---------
                   .org_0       code   0x000000    program   0x000002
                   .cinit    romdata   0x000001    program   0x000004
                   .org_1       code   0x000004    program   0x00001e
.config_2007_BUILD/DEFAULT/PRODUCTION/MP5.O       code   0x002007    program   0x000002



                              Program Memory Usage 
                               Start         End      
                           ---------   ---------      
                            0x000000    0x000002      
                            0x000004    0x000012      
                            0x002007    0x002007      
            19 out of 1094 program addresses used, program memory utilization is 1%



                              Symbols - Sorted by Name
                     Name    Address   Location    Storage File                     
                ---------  ---------  ---------  --------- ---------                
                 Infinite   0x000010    program     static C:\Users\reyes\OneDrive\Desktop\MachineProblem5\MP5.X\MP5.asm
                  Initial   0x000005    program     static C:\Users\reyes\OneDrive\Desktop\MachineProblem5\MP5.X\MP5.asm
                    Start   0x00000e    program     static C:\Users\reyes\OneDrive\Desktop\MachineProblem5\MP5.X\MP5.asm



                              Symbols - Sorted by Address
                     Name    Address   Location    Storage File                     
                ---------  ---------  ---------  --------- ---------                
                  Initial   0x000005    program     static C:\Users\reyes\OneDrive\Desktop\MachineProblem5\MP5.X\MP5.asm
                    Start   0x00000e    program     static C:\Users\reyes\OneDrive\Desktop\MachineProblem5\MP5.X\MP5.asm
                 Infinite   0x000010    program     static C:\Users\reyes\OneDrive\Desktop\MachineProblem5\MP5.X\MP5.asm


