MPLINK 5.09, LINKER
Linker Map File - Created Thu Mar 02 12:28:31 2023

                                 Section Info
                  Section       Type    Address   Location Size(Bytes)
                ---------  ---------  ---------  ---------  ---------
                   .org_0       code   0x000000    program   0x000002
                   .cinit    romdata   0x000001    program   0x000004
                   .org_1       code   0x000004    program   0x00016e
.config_2007_BUILD/DEFAULT/PRODUCTION/MP3B.O       code   0x002007    program   0x000002



                              Program Memory Usage 
                               Start         End      
                           ---------   ---------      
                            0x000000    0x000002      
                            0x000004    0x0000ba      
                            0x002007    0x002007      
            187 out of 1094 program addresses used, program memory utilization is 17%



                              Symbols - Sorted by Name
                     Name    Address   Location    Storage File                     
                ---------  ---------  ---------  --------- ---------                
                    Delay   0x0000ad    program     static C:\Users\reyes\OneDrive\Desktop\MachineProblem3\MP3b.X\MP3b.asm
                      ISR   0x000007    program     static C:\Users\reyes\OneDrive\Desktop\MachineProblem3\MP3b.X\MP3b.asm
                     Init   0x000071    program     static C:\Users\reyes\OneDrive\Desktop\MachineProblem3\MP3b.X\MP3b.asm
                      POP   0x00006c    program     static C:\Users\reyes\OneDrive\Desktop\MachineProblem3\MP3b.X\MP3b.asm
                     PUSH   0x000004    program     static C:\Users\reyes\OneDrive\Desktop\MachineProblem3\MP3b.X\MP3b.asm
                    Start   0x00007a    program     static C:\Users\reyes\OneDrive\Desktop\MachineProblem3\MP3b.X\MP3b.asm
                     loop   0x0000b3    program     static C:\Users\reyes\OneDrive\Desktop\MachineProblem3\MP3b.X\MP3b.asm



                              Symbols - Sorted by Address
                     Name    Address   Location    Storage File                     
                ---------  ---------  ---------  --------- ---------                
                     PUSH   0x000004    program     static C:\Users\reyes\OneDrive\Desktop\MachineProblem3\MP3b.X\MP3b.asm
                      ISR   0x000007    program     static C:\Users\reyes\OneDrive\Desktop\MachineProblem3\MP3b.X\MP3b.asm
                      POP   0x00006c    program     static C:\Users\reyes\OneDrive\Desktop\MachineProblem3\MP3b.X\MP3b.asm
                     Init   0x000071    program     static C:\Users\reyes\OneDrive\Desktop\MachineProblem3\MP3b.X\MP3b.asm
                    Start   0x00007a    program     static C:\Users\reyes\OneDrive\Desktop\MachineProblem3\MP3b.X\MP3b.asm
                    Delay   0x0000ad    program     static C:\Users\reyes\OneDrive\Desktop\MachineProblem3\MP3b.X\MP3b.asm
                     loop   0x0000b3    program     static C:\Users\reyes\OneDrive\Desktop\MachineProblem3\MP3b.X\MP3b.asm


