MPLINK 5.09, LINKER
Linker Map File - Created Thu Mar 02 11:57:47 2023

                                 Section Info
                  Section       Type    Address   Location Size(Bytes)
                ---------  ---------  ---------  ---------  ---------
                   .org_0       code   0x000000    program   0x000002
                   .cinit    romdata   0x000001    program   0x000004
                   .org_1       code   0x000004    program   0x0000b4
.config_2007_BUILD/DEFAULT/PRODUCTION/MP3A.O       code   0x002007    program   0x000002



                              Program Memory Usage 
                               Start         End      
                           ---------   ---------      
                            0x000000    0x000002      
                            0x000004    0x00005d      
                            0x002007    0x002007      
            94 out of 1094 program addresses used, program memory utilization is 8%



                              Symbols - Sorted by Name
                     Name    Address   Location    Storage File                     
                ---------  ---------  ---------  --------- ---------                
                    Blink   0x00003d    program     static C:\Users\reyes\OneDrive\Desktop\MachineProblem3\MP3a.X\MP3a.asm
                    Delay   0x000042    program     static C:\Users\reyes\OneDrive\Desktop\MachineProblem3\MP3a.X\MP3a.asm
                   Delay2   0x000050    program     static C:\Users\reyes\OneDrive\Desktop\MachineProblem3\MP3a.X\MP3a.asm
                      ISR   0x000009    program     static C:\Users\reyes\OneDrive\Desktop\MachineProblem3\MP3a.X\MP3a.asm
                     Init   0x000033    program     static C:\Users\reyes\OneDrive\Desktop\MachineProblem3\MP3a.X\MP3a.asm
                Interrupt   0x000005    program     static C:\Users\reyes\OneDrive\Desktop\MachineProblem3\MP3a.X\MP3a.asm
                      POP   0x00002e    program     static C:\Users\reyes\OneDrive\Desktop\MachineProblem3\MP3a.X\MP3a.asm
                     PUSH   0x000005    program     static C:\Users\reyes\OneDrive\Desktop\MachineProblem3\MP3a.X\MP3a.asm
                     loop   0x000048    program     static C:\Users\reyes\OneDrive\Desktop\MachineProblem3\MP3a.X\MP3a.asm
                    loop2   0x000056    program     static C:\Users\reyes\OneDrive\Desktop\MachineProblem3\MP3a.X\MP3a.asm



                              Symbols - Sorted by Address
                     Name    Address   Location    Storage File                     
                ---------  ---------  ---------  --------- ---------                
                Interrupt   0x000005    program     static C:\Users\reyes\OneDrive\Desktop\MachineProblem3\MP3a.X\MP3a.asm
                     PUSH   0x000005    program     static C:\Users\reyes\OneDrive\Desktop\MachineProblem3\MP3a.X\MP3a.asm
                      ISR   0x000009    program     static C:\Users\reyes\OneDrive\Desktop\MachineProblem3\MP3a.X\MP3a.asm
                      POP   0x00002e    program     static C:\Users\reyes\OneDrive\Desktop\MachineProblem3\MP3a.X\MP3a.asm
                     Init   0x000033    program     static C:\Users\reyes\OneDrive\Desktop\MachineProblem3\MP3a.X\MP3a.asm
                    Blink   0x00003d    program     static C:\Users\reyes\OneDrive\Desktop\MachineProblem3\MP3a.X\MP3a.asm
                    Delay   0x000042    program     static C:\Users\reyes\OneDrive\Desktop\MachineProblem3\MP3a.X\MP3a.asm
                     loop   0x000048    program     static C:\Users\reyes\OneDrive\Desktop\MachineProblem3\MP3a.X\MP3a.asm
                   Delay2   0x000050    program     static C:\Users\reyes\OneDrive\Desktop\MachineProblem3\MP3a.X\MP3a.asm
                    loop2   0x000056    program     static C:\Users\reyes\OneDrive\Desktop\MachineProblem3\MP3a.X\MP3a.asm


