MPLINK 5.09, LINKER
Linker Map File - Created Thu Mar 02 05:55:59 2023

                                 Section Info
                  Section       Type    Address   Location Size(Bytes)
                ---------  ---------  ---------  ---------  ---------
                   .org_0       code   0x000000    program   0x000002
                   .cinit    romdata   0x000001    program   0x000004
                   .org_1       code   0x000004    program   0x000070
.config_2007_BUILD/DEFAULT/PRODUCTION/MP4.O       code   0x002007    program   0x000002



                              Program Memory Usage 
                               Start         End      
                           ---------   ---------      
                            0x000000    0x000002      
                            0x000004    0x00003b      
                            0x002007    0x002007      
            60 out of 1094 program addresses used, program memory utilization is 5%



                              Symbols - Sorted by Name
                     Name    Address   Location    Storage File                     
                ---------  ---------  ---------  --------- ---------                
                    Delay   0x00002e    program     static C:\Users\reyes\OneDrive\Desktop\MachineProblem4\MP4.X\MP4.asm
                      ISR   0x000007    program     static C:\Users\reyes\OneDrive\Desktop\MachineProblem4\MP4.X\MP4.asm
                     Init   0x00000d    program     static C:\Users\reyes\OneDrive\Desktop\MachineProblem4\MP4.X\MP4.asm
                      POP   0x000008    program     static C:\Users\reyes\OneDrive\Desktop\MachineProblem4\MP4.X\MP4.asm
                     PUSH   0x000004    program     static C:\Users\reyes\OneDrive\Desktop\MachineProblem4\MP4.X\MP4.asm
                    Start   0x00001b    program     static C:\Users\reyes\OneDrive\Desktop\MachineProblem4\MP4.X\MP4.asm
                     loop   0x000034    program     static C:\Users\reyes\OneDrive\Desktop\MachineProblem4\MP4.X\MP4.asm
                    loopx   0x000028    program     static C:\Users\reyes\OneDrive\Desktop\MachineProblem4\MP4.X\MP4.asm



                              Symbols - Sorted by Address
                     Name    Address   Location    Storage File                     
                ---------  ---------  ---------  --------- ---------                
                     PUSH   0x000004    program     static C:\Users\reyes\OneDrive\Desktop\MachineProblem4\MP4.X\MP4.asm
                      ISR   0x000007    program     static C:\Users\reyes\OneDrive\Desktop\MachineProblem4\MP4.X\MP4.asm
                      POP   0x000008    program     static C:\Users\reyes\OneDrive\Desktop\MachineProblem4\MP4.X\MP4.asm
                     Init   0x00000d    program     static C:\Users\reyes\OneDrive\Desktop\MachineProblem4\MP4.X\MP4.asm
                    Start   0x00001b    program     static C:\Users\reyes\OneDrive\Desktop\MachineProblem4\MP4.X\MP4.asm
                    loopx   0x000028    program     static C:\Users\reyes\OneDrive\Desktop\MachineProblem4\MP4.X\MP4.asm
                    Delay   0x00002e    program     static C:\Users\reyes\OneDrive\Desktop\MachineProblem4\MP4.X\MP4.asm
                     loop   0x000034    program     static C:\Users\reyes\OneDrive\Desktop\MachineProblem4\MP4.X\MP4.asm


