MPLINK 5.09, LINKER
Linker Map File - Created Thu Mar 02 06:35:59 2023

                                 Section Info
                  Section       Type    Address   Location Size(Bytes)
                ---------  ---------  ---------  ---------  ---------
                   .org_0       code   0x000000    program   0x000002
                   .cinit    romdata   0x000001    program   0x000004
                   .org_1       code   0x000004    program   0x000068
.config_2007_BUILD/DEFAULT/PRODUCTION/MP2B.O       code   0x002007    program   0x000002



                              Program Memory Usage 
                               Start         End      
                           ---------   ---------      
                            0x000000    0x000002      
                            0x000004    0x000037      
                            0x002007    0x002007      
            56 out of 1094 program addresses used, program memory utilization is 5%



                              Symbols - Sorted by Name
                     Name    Address   Location    Storage File                     
                ---------  ---------  ---------  --------- ---------                
                    Delay   0x00002a    program     static C:\Users\reyes\OneDrive\Desktop\MachineProblem2\MP2b.X\MP2b.asm
                  Initial   0x000005    program     static C:\Users\reyes\OneDrive\Desktop\MachineProblem2\MP2b.X\MP2b.asm
                     Main   0x00000b    program     static C:\Users\reyes\OneDrive\Desktop\MachineProblem2\MP2b.X\MP2b.asm
                     loop   0x000030    program     static C:\Users\reyes\OneDrive\Desktop\MachineProblem2\MP2b.X\MP2b.asm



                              Symbols - Sorted by Address
                     Name    Address   Location    Storage File                     
                ---------  ---------  ---------  --------- ---------                
                  Initial   0x000005    program     static C:\Users\reyes\OneDrive\Desktop\MachineProblem2\MP2b.X\MP2b.asm
                     Main   0x00000b    program     static C:\Users\reyes\OneDrive\Desktop\MachineProblem2\MP2b.X\MP2b.asm
                    Delay   0x00002a    program     static C:\Users\reyes\OneDrive\Desktop\MachineProblem2\MP2b.X\MP2b.asm
                     loop   0x000030    program     static C:\Users\reyes\OneDrive\Desktop\MachineProblem2\MP2b.X\MP2b.asm


