MPLINK 5.09, LINKER
Linker Map File - Created Wed Mar 01 09:31:05 2023

                                 Section Info
                  Section       Type    Address   Location Size(Bytes)
                ---------  ---------  ---------  ---------  ---------
                   .org_0       code   0x000000    program   0x000002
                   .cinit    romdata   0x000001    program   0x000004
                   .org_1       code   0x000004    program   0x00005c
.config_2007_BUILD/DEFAULT/PRODUCTION/MP2A.O       code   0x002007    program   0x000002



                              Program Memory Usage 
                               Start         End      
                           ---------   ---------      
                            0x000000    0x000002      
                            0x000004    0x000031      
                            0x002007    0x002007      
            50 out of 1094 program addresses used, program memory utilization is 4%



                              Symbols - Sorted by Name
                     Name    Address   Location    Storage File                     
                ---------  ---------  ---------  --------- ---------                
                    Delay   0x000024    program     static C:\Users\reyes\OneDrive\Desktop\MachineProblem2\MP2a.X\MP2a.asm
                  Initial   0x000005    program     static C:\Users\reyes\OneDrive\Desktop\MachineProblem2\MP2a.X\MP2a.asm
                     Read   0x00000b    program     static C:\Users\reyes\OneDrive\Desktop\MachineProblem2\MP2a.X\MP2a.asm
                    Start   0x00000a    program     static C:\Users\reyes\OneDrive\Desktop\MachineProblem2\MP2a.X\MP2a.asm
                    Table   0x000015    program     static C:\Users\reyes\OneDrive\Desktop\MachineProblem2\MP2a.X\MP2a.asm
                     loop   0x00002a    program     static C:\Users\reyes\OneDrive\Desktop\MachineProblem2\MP2a.X\MP2a.asm



                              Symbols - Sorted by Address
                     Name    Address   Location    Storage File                     
                ---------  ---------  ---------  --------- ---------                
                  Initial   0x000005    program     static C:\Users\reyes\OneDrive\Desktop\MachineProblem2\MP2a.X\MP2a.asm
                    Start   0x00000a    program     static C:\Users\reyes\OneDrive\Desktop\MachineProblem2\MP2a.X\MP2a.asm
                     Read   0x00000b    program     static C:\Users\reyes\OneDrive\Desktop\MachineProblem2\MP2a.X\MP2a.asm
                    Table   0x000015    program     static C:\Users\reyes\OneDrive\Desktop\MachineProblem2\MP2a.X\MP2a.asm
                    Delay   0x000024    program     static C:\Users\reyes\OneDrive\Desktop\MachineProblem2\MP2a.X\MP2a.asm
                     loop   0x00002a    program     static C:\Users\reyes\OneDrive\Desktop\MachineProblem2\MP2a.X\MP2a.asm


